// Jest Snapshot v1, https://goo.gl/fbAQLP

exports[`generateThunkActionTypes only path 1`] = `
Object {
  "INVALIDATE_REQUEST": "@@rest-easy/fruits/@invalidate/INVALIDATE_REQUEST",
}
`;
