// Jest Snapshot v1, https://goo.gl/fbAQLP

exports[`generateGlobalActionTypes only path 1`] = `
Object {
  "RESET_ALL": "@@rest-easy/@global/@reset/RESET_ALL",
}
`;
