// Jest Snapshot v1, https://goo.gl/fbAQLP

exports[`generateGlobalActions only path 1`] = `
Object {
  "resetAll": [Function],
}
`;
